// Jest Snapshot v1, https://goo.gl/fbAQLP

exports[`Chat Component Renders correctly 1`] = `
<div>
  <div
    className="sc-bdVaJa fWihYs"
  >
    <div>
      Test Message
    </div>
    <div>
      by 
      <b>
        Martin
      </b>
    </div>
    <div>
      @  
      9/2/2017 4:27:38
    </div>
  </div>
</div>
`;
